------------------------------------------------------------------------------------------------------
CNPJ/CEI:
FICHAFINANCEIRA-PERIODO:2017/04 a 2025/03

R E N D I ME N TO S D E S C O N T O S R E S U L T A D O S
                     CARGO:MOTORISTA GRANEL CTPS:
EMPREGADO:
DATADEADMISSÃO:11/04/17

Folha Normal
Mês: abr-17
REMUNERAÇÃOMES 969,73 290 VA Funcionario
DIAS/HORASTRAB 146,67 491 Seguro Vida Fun
40 Reembolso VR 0,00 360,00 499 Vale Ref Func
91 Hr Adic Pericul 146,67 290,92 511 INSS Normal
TOT.RENDIMENTOS 1.620,65 561 IRF Normal
820 Vale Transp Fun TOTALDESCONTOS

Folha Normal
Mês: mai-17
REMUNERAÇÃOMES 1.454,59 290 VA Funcionario
DIAS/HORASTRAB 220,00 404 Adt Norm Desc
37 DSR Adicional 19,23 28,03 491 Seguro Vida Fun
91 Hr Adic Pericul 220,00 436,38 499 Vale Ref Func
102 Hr Ext Diu 60% 8,48 116,66 511 INSS Normal
104 Hr Ext Diu 80% 1,88 29,13 561 IRF Normal
TOT.RENDIMENTOS 2.064,79 684 Vale Gas
820 Vale Transp Fun TOTALDESCONTOS

Folha Normal
Mês: jun-17
REMUNERAÇÃOMES 1.454,59 290 VA Funcionario
DIAS/HORASTRAB 220,00 404 Adt Norm Desc
37 DSR Adicional 25,00 45,20 491 Seguro Vida Fun
91 Hr Adic Pericul 220,00 436,38 499 Vale Ref Func
102 Hr Ext Diu 60% 11,37 156,31 511 INSS Normal
104 Hr Ext Diu 80% 1,58 24,49 561 IRF Normal
TOT.RENDIMENTOS 2.116,97 613 Smart 500 QC
684 Vale Gas
820 Vale Transp Fun TOTALDESCONTOS

Folha Normal
Mês: jul-17
REMUNERAÇÃOMES 1.454,59 207 Hrs Atrasos
DIAS/HORASTRAB 220,00 290 VA Funcionario
37 DSR Adicional 20,83 28,85 404 Adt Norm Desc
91 Hr Adic Pericul 220,00 436,38 491 Seguro Vida Fun
102 Hr Ext Diu 60% 9,13 125,60 499 Vale Ref Func
104 Hr Ext Diu 80% 0,83 12,89 511 INSS Normal
TOT.RENDIMENTOS 2.058,31 561 IRF Normal
613 Smart 500 QC
684 Vale Gas
820 Vale Transp Fun TOTALDESCONTOS

Folha Normal
Mês: ago-17
REMUNERAÇÃOMES 1.521,60 34 DSR
DIAS/HORASTRAB 220,00 290 VA Funcionario
37 DSR Adicional 15,39 0,88 404 Adt Norm Desc
91 Hr Adic Pericul 220,00 456,48 491 Seguro Vida Fun
102 Hr Ext Diu 60% 0,40 5,75 499 Vale Ref Func
TOT.RENDIMENTOS 1.984,71 511 INSS Normal
561 IRF Normal
613 Smart 500 QC
684 Vale Gas
820 Vale Transp Fun TOTALDESCONTOS

Folha Normal
Mês: set-17
REMUNERAÇÃOMES 1.521,60 290 VA Funcionario
DIAS/HORASTRAB 220,00 404 Adt Norm Desc
37 DSR Adicional 20,00 0,57 491 Seguro Vida Fun
91 Hr Adic Pericul 220,00 456,48 499 Vale Ref Func
102 Hr Ext Diu 60% 0,20 2,88 511 INSS Normal
TOT.RENDIMENTOS 1.981,53 561 IRF Normal
613 Smart 500 QC
684 Vale Gas
820 Vale Transp Fun TOTALDESCONTOS


Fls.: 268
09/03/2026


0 30,67 BASEDECALCULODOINSS 1.260,65
0 2,40 BASEDECALCULODOIRF 780,62
0 36,00 BASEDECALCULODOFGTS 1.260,65
0 100,85 VALORDOFGTS 100,85
0 0,00 SALARIOLIQUIDONOMES 1.392,55
0 58,18 VALORDOIRFARECOLHER 0,00
228,10 VALORDOIRFARECOLHER 0,00


0 46,00 BASEDECALCULODOINSS 2.064,79
0 756,39 BASEDECALCULODOIRF 1.499,78
0 2,40 BASEDECALCULODOFGTS 2.064,79
22 66,00 VALORDOFGTS 165,18
0 185,83 SALARIOLIQUIDONOMES 916,64
0 0,00 VALORDOIRFARECOLHER 0,00
0 4,25 VALORDOIRFARECOLHER 0,00
0 87,28
1.148,15


0 46,00 BASEDECALCULODOINSS 2.116,97
0 756,39 BASEDECALCULODOIRF 1.547,27
0 2,40 BASEDECALCULODOFGTS 2.116,97
20 60,00 VALORDOFGTS 169,35
0 190,52 SALARIOLIQUIDONOMES 755,03
0 0,00 VALORDOIRFARECOLHER 0,00
0 215,10 VALORDOIRFARECOLHER 0,00
0 4,25
42 87,28
1.361,94


0,683 5,87 BASEDECALCULODOINSS 2.052,44
0 46,00 BASEDECALCULODOIRF 1.488,55
0 756,39 BASEDECALCULODOFGTS 2.052,44
0 2,40 VALORDOFGTS 164,19
21 63,00 SALARIOLIQUIDONOMES 693,28
0 184,71 VALORDOIRFARECOLHER 0,00
0 0,00 VALORDOIRFARECOLHER 0,00
0 215,13
0 4,25
42 87,28
1.365,03


7,333 50,72 BASEDECALCULODOINSS 1.933,99
0 46,00 BASEDECALCULODOIRF 1.380,76
0 756,39 BASEDECALCULODOFGTS 1.933,99
0 2,51 VALORDOFGTS 154,71
25 75,00 SALARIOLIQUIDONOMES 569,36
0 174,05 VALORDOIRFARECOLHER 0,00
0 0,00 VALORDOIRFARECOLHER 0,00
0 215,13
0 4,25
50 91,30
1.415,35


0 46,00 BASEDECALCULODOINSS 1.981,53
0 791,23 BASEDECALCULODOIRF 1.424,02
0 2,51 BASEDECALCULODOFGTS 1.981,53
22 66,00 VALORDOFGTS 158,52
0 178,33 SALARIOLIQUIDONOMES 593,44
0 0,00 VALORDOIRFARECOLHER 0,00
0 208,47 VALORDOIRFARECOLHER 0,00
0 4,25
46 91,30
1.388,09


Documento assinado eletronicamente por em 21/03/2026, às 20:24:57 - 4fa38da Adiantamento - PLR
Mês: out-17
311 Part Lucr Resul 0,00 2.819,91 313 IRF Part Result
TOT.RENDIMENTOS 2.819,91 TOTALDESCONTOS

Folha Normal
Mês: out-17
REMUNERAÇÃOMES 1.567,25 207 Hrs Atrasos
DIAS/HORASTRAB 220,00 290 VA Funcionario
21 Dif. Sal Diss 0,00 59,45 314 PLR Pago
37 DSR Adicional 25,00 3,45 404 Adt Norm Desc
55 Reemb Desc Inde 0,00 50,72 491 Seguro Vida Fun
91 Hr Adic Pericul 220,00 470,18 499 Vale Ref Func
102 Hr Ext Diu 60% 0,93 13,82 511 INSS Normal
311 Part Lucr Resul 0,00 2.819,91 561 IRF Normal
TOT.RENDIMENTOS 4.984,78 613 Smart 500 QC
684 Vale Gas
820 Vale Transp Fun TOTALDESCONTOS

Folha Normal
Mês: nov-17
REMUNERAÇÃOMES 1.567,25 290 VA Funcionario
DIAS/HORASTRAB 220,00 404 Adt Norm Desc
37 DSR Adicional 25,00 133,77 491 Seguro Vida Fun
40 Reembolso VR 0,00 33,00 499 Vale Ref Func
69 Dif Diss VR 0,00 57,00 511 INSS Normal
91 Hr Adic Pericul 220,00 470,18 561 IRF Normal
102 Hr Ext Diu 60% 30,15 446,75 613 Smart 500 QC
104 Hr Ext Diu 80% 5,30 88,35 684 Vale Gas
416 13º Sal. Adto 0,00 764,00 803 13º Adt Pago
TOT.RENDIMENTOS 3.560,30 820 Vale Transp Fun TOTALDESCONTOS

Folha Normal
Mês: dez-17
REMUNERAÇÃOMES 1.567,25 290 VA Funcionario
DIAS/HORASTRAB 220,00 404 Adt Norm Desc
37 DSR Adicional 25,00 127,85 419 13º. Adto Desc
40 Reembolso VR 0,00 66,00 491 Seguro Vida Fun
51 Hr Adic Noturno 1,92 6,21 499 Vale Ref Func
91 Hr Adic Pericul 220,00 470,18 511 INSS Normal
102 Hr Ext Diu 60% 20,00 296,34 512 INSS 13o. Sal
104 Hr Ext Diu 80% 10,40 173,38 561 IRF Normal
124 Hr Ext Not 80% 1,92 31,96 563 IRF 13o. Sal
154 Hr Supl Ext Not 0,49 3,51 613 Smart 500 QC
373 13º Norm Recal 9,00 1.528,07 684 Vale Gas
376 13º Adic Recal 0,00 200,83 804 13º. Pg Dezembr
TOT.RENDIMENTOS 4.471,58 820 Vale Transp Fun TOTALDESCONTOS

13 Salario
Mês: dez-17
371 13º Normal 9,00 1.528,07 419 13º. Adto Desc
374 13º Adicionais 0,00 134,77 512 INSS 13o. Sal
371 13º Normal 12,00 2.111,59 563 IRF 13o. Sal
374 13º Adicionais 0,00 480,44 419 13º. Adto Desc
371 13º Normal 12,00 2.180,85 421 13º Adic Desc
374 13º Adicionais 0,00 609,55 512 INSS 13o. Sal
371 13º Normal 12,00 2.879,83 563 IRF 13o. Sal
374 13º Adicionais 0,00 569,57 419 13º. Adto Desc
371 13º Normal 12,00 3.110,21 421 13º Adic Desc
374 13º Adicionais 0,00 445,73 512 INSS 13o. Sal
371 13º Normal 12,00 3.384,85 563 IRF 13o. Sal
374 13º Adicionais 0,00 267,19 419 13º. Adto Desc
371 13º Normal 12,00 3.554,10 421 13º Adic Desc
374 13º Adicionais 0,00 72,55 512 INSS 13o. Sal
371 13º Normal 12,00 3.714,04 563 IRF 13o. Sal
TOT.RENDIMENTOS 25.043,34 419 13º. Adto Desc
421 13º Adic Desc
512 INSS 13o. Sal
563 IRF 13o. Sal
419 13º. Adto Desc
Folha Normal 421 13º Adic Desc
Mês: jan-18 512 INSS 13o. Sal
REMUNERAÇÃOMES 1.567,25 290 VA Funcionario
DIAS/HORASTRAB 220,00 404 Adt Norm Desc
37 DSR Adicional 20,00 6,86 491 Seguro Vida Fun
91 Hr Adic Pericul 220,00 470,18 499 Vale Ref Func
102 Hr Ext Diu 60% 2,32 34,32 511 INSS Normal


Fls.: 269


0 0,00 SALARIOLIQUIDONOMES 2.819,91
0,00


0,15 1,39 BASEDECALCULODOINSS 2.112,76
0 50,14 BASEDECALCULODOIRF 1.543,44
0 2.819,91 BASEDECALCULODOFGTS 2.112,76
0 791,23 VALORDOFGTS 169,02
0 2,58 SALARIOLIQUIDONOMES 759,63
21 63,00 VALORDOIRFARECOLHER 0,00
0 190,14 VALORDOIRFARECOLHER 0,00
0 0,00
0 208,47
0 4,25
46 94,04
4.225,15


0 48,07 BASEDECALCULODOINSS 2.706,30
0 814,97 BASEDECALCULODOIRF 2.083,56
0 2,58 BASEDECALCULODOFGTS 2.706,30
20 72,60 VALORDOFGTS 216,50
0 243,56 SALARIOLIQUIDONOMES 1.294,23
0 13,46 VALORDOIRFARECOLHER 13,46
0 208,47 VALORDOIRFARECOLHER 0,00
0 4,32
0 764,00
40 94,04
2.266,07


0 48,07 BASEDECALCULODOINSS 2.676,68
0 814,97 BASEDECALCULODOIRF 2.056,60
0 764,00 BASEDECALCULODOFGTS 2.676,68
0 2,58 VALORDOFGTS 214,13
20 66,00 SALARIOLIQUIDONOMES 1.312,00
0 240,90 VALORDOIRFARECOLHER 11,44
0 155,60 VALORDOIRFARECOLHER 0,00
0 11,44
0 0,00
0 208,47
0 4,32
0 749,19
40 94,04
3.159,58


0 764,00 SALARIOLIQUIDONOMES 749,19
0 149,65 SALARIOLIQUIDONOMES 1.042,03
0 0,00 SALARIOLIQUIDONOMES 1.079,39
0 1.055,72 SALARIOLIQUIDONOMES 1.300,54
0 261,00 SALARIOLIQUIDONOMES 1.307,55
0 233,28 SALARIOLIQUIDONOMES 1.339,49
0 0,00 SALARIOLIQUIDONOMES 1.373,43
0 1.090,43 SALARIOLIQUIDONOMES 1.393,01
0 336,03
0 251,13
0 33,42
0 1.439,91
0 284,21
0 341,85
0 82,89
0 1.555,11
0 246,39
0 349,11
0 97,78
0 1.692,42
0 160,23
0 347,46
0 96,14 BASEDECALCULODOINSS 2.078,61
0 814,97 BASEDECALCULODOIRF 1.512,36
0 2,58 BASEDECALCULODOFGTS 2.078,61
22 72,60 VALORDOFGTS 166,28
0 187,07 SALARIOLIQUIDONOMES 598,42


Documento assinado eletronicamente por em 21/03/2026, às 20:24:57 - 4fa38da TOT.RENDIMENTOS 2.078,61 561 IRF Normal
613 Smart 500 QC
684 Vale Gas
820 Vale Transp Fun TOTALDESCONTOS

Adiantamento - PLR
Mês: fev-18
311 Part Lucr Resul 0,00 458,42 313 IRF Part Result
TOT.RENDIMENTOS 458,42 TOTALDESCONTOS

Folha Normal
Mês: fev-18
REMUNERAÇÃOMES 1.567,25 290 VA Funcionario
DIAS/HORASTRAB 220,00 314 PLR Pago
37 DSR Adicional 20,00 18,81 404 Adt Norm Desc
91 Hr Adic Pericul 220,00 470,18 491 Seguro Vida Fun
102 Hr Ext Diu 60% 6,35 94,09 499 Vale Ref Func
311 Part Lucr Resul 0,00 458,42 511 INSS Normal
TOT.RENDIMENTOS 2.608,75 561 IRF Normal
613 Smart 500 QC
684 Vale Gas
820 Vale Transp Fun TOTALDESCONTOS

Folha Normal
Mês: mar-18
REMUNERAÇÃOMES 1.567,25 290 VA Funcionario
DIAS/HORASTRAB 220,00 404 Adt Norm Desc
37 DSR Adicional 20,00 61,15 491 Seguro Vida Fun
40 Reembolso VR 0,00 33,00 499 Vale Ref Func
91 Hr Adic Pericul 220,00 470,18 511 INSS Normal
102 Hr Ext Diu 60% 10,13 150,15 561 IRF Normal
104 Hr Ext Diu 80% 9,33 155,60 613 Smart 500 QC
TOT.RENDIMENTOS 2.437,33 684 Vale Gas
820 Vale Transp Fun TOTALDESCONTOS

Folha Normal
Mês: abr-18
REMUNERAÇÃOMES 1.567,25 290 VA Funcionario
DIAS/HORASTRAB 220,00 404 Adt Norm Desc
37 DSR Adicional 25,00 64,66 491 Seguro Vida Fun
40 Reembolso VR 0,00 33,00 499 Vale Ref Func
91 Hr Adic Pericul 220,00 470,18 511 INSS Normal
102 Hr Ext Diu 60% 8,40 124,47 561 IRF Normal
104 Hr Ext Diu 80% 8,05 134,19 613 Smart 500 QC
TOT.RENDIMENTOS 2.393,75 684 Vale Gas
820 Vale Transp Fun TOTALDESCONTOS

Folha Normal
Mês: mai-18
REMUNERAÇÃOMES 1.567,25 290 VA Funcionario
DIAS/HORASTRAB 220,00 404 Adt Norm Desc
37 DSR Adicional 25,00 112,06 491 Seguro Vida Fun
40 Reembolso VR 0,00 99,00 499 Vale Ref Func
91 Hr Adic Pericul 220,00 470,18 511 INSS Normal
102 Hr Ext Diu 60% 13,43 199,06 561 IRF Normal
104 Hr Ext Diu 80% 14,95 249,21 613 Smart 500 QC
TOT.RENDIMENTOS 2.696,76 684 Vale Gas
820 Vale Transp Fun TOTALDESCONTOS

Folha Normal
Mês: jun-18
REMUNERAÇÃOMES 1.567,25 290 VA Funcionario
DIAS/HORASTRAB 220,00 404 Adt Norm Desc
7 Reemb. Despesas 0,00 20,00 491 Seguro Vida Fun
37 DSR Adicional 20,00 122,74 492 Multas
58 Reemb. Ass. Méd 0,00 77,83 499 Vale Ref Func
91 Hr Adic Pericul 220,00 470,18 511 INSS Normal
102 Hr Ext Diu 60% 22,20 328,94 561 IRF Normal
104 Hr Ext Diu 80% 17,08 284,79 613 Smart 500 QC
TOT.RENDIMENTOS 2.871,73 684 Vale Gas
820 Vale Transp Fun TOTALDESCONTOS

Folha Normal
Mês: jul-18
REMUNERAÇÃOMES 1.567,25 290 VA Funcionario


Fls.: 270
0 0,00 VALORDOIRFARECOLHER 0,00
0 208,47 VALORDOIRFARECOLHER 0,00
0 4,32
44 94,04
1.480,19


0 0,00 SALARIOLIQUIDONOMES 458,42
0,00


0 48,07 BASEDECALCULODOINSS 2.150,33
0 458,42 BASEDECALCULODOIRF 1.577,63
0 814,97 BASEDECALCULODOFGTS 2.150,33
0 2,58 VALORDOFGTS 172,02
20 66,00 SALARIOLIQUIDONOMES 718,36
0 193,52 VALORDOIRFARECOLHER 0,00
0 0,00 VALORDOIRFARECOLHER 0,00
0 208,47
0 4,32
40 94,04
1.890,39


0 48,07 BASEDECALCULODOINSS 2.404,33
0 814,97 BASEDECALCULODOIRF 1.808,77
0 2,58 BASEDECALCULODOFGTS 2.404,33
21 69,30 VALORDOFGTS 192,34
0 216,38 SALARIOLIQUIDONOMES 979,20
0 0,00 VALORDOIRFARECOLHER 0,00
0 208,47 VALORDOIRFARECOLHER 0,00
0 4,32
42 94,04
1.458,13


0 48,07 BASEDECALCULODOINSS 2.360,75
0 814,97 BASEDECALCULODOIRF 1.769,11
0 2,58 BASEDECALCULODOFGTS 2.360,75
21 69,30 VALORDOFGTS 188,86
0 212,46 SALARIOLIQUIDONOMES 914,52
0 0,00 VALORDOIRFARECOLHER 0,00
0 233,49 VALORDOIRFARECOLHER 0,00
0 4,32
70 94,04
1.479,23


0 48,07 BASEDECALCULODOINSS 2.597,76
0 814,97 BASEDECALCULODOIRF 1.984,79
0 2,58 BASEDECALCULODOFGTS 2.597,76
21 69,30 VALORDOFGTS 207,82
0 233,79 SALARIOLIQUIDONOMES 1.274,04
0 0,00 VALORDOIRFARECOLHER 0,00
0 155,66 VALORDOIRFARECOLHER 0,00
0 4,32
0 94,03
1.422,72


0 48,07 BASEDECALCULODOINSS 2.773,90
0 814,97 BASEDECALCULODOIRF 2.145,07
0 2,58 BASEDECALCULODOFGTS 2.773,90
0 104,13 VALORDOFGTS 221,91
20 66,00 SALARIOLIQUIDONOMES 1.314,23
0 249,65 VALORDOIRFARECOLHER 18,08
0 18,08 VALORDOIRFARECOLHER 0,00
0 155,66
0 4,32
40 94,04
1.557,50


0 48,07 BASEDECALCULODOINSS 2.930,38


Documento assinado eletronicamente por em 21/03/2026, às 20:24:57 - 4fa38da DIAS/HORASTRAB 220,00 404 Adt Norm Desc
37 DSR Adicional 25,00 178,59 491 Seguro Vida Fun
51 Hr Adic Noturno 0,18 0,59 499 Vale Ref Func
91 Hr Adic Pericul 220,00 470,18 511 INSS Normal
102 Hr Ext Diu 60% 18,72 277,34 561 IRF Normal
104 Hr Ext Diu 80% 26,00 433,42 613 Smart 500 QC
122 Hr Ext Not 60% 0,18 2,71 684 Vale Gas
154 Hr Supl Ext Not 0,04 0,30 820 Vale Transp Fun
TOT.RENDIMENTOS 2.930,38 TOTALDESCONTOS

Folha Normal
Mês: ago-18
REMUNERAÇÃOMES 1.567,25 290 VA Funcionario
DIAS/HORASTRAB 220,00 404 Adt Norm Desc
37 DSR Adicional 15,38 79,09 491 Seguro Vida Fun
40 Reembolso VR 0,00 297,00 492 Multas
91 Hr Adic Pericul 220,00 470,18 499 Vale Ref Func
102 Hr Ext Diu 60% 15,15 224,50 511 INSS Normal
104 Hr Ext Diu 80% 17,38 289,77 561 IRF Normal
TOT.RENDIMENTOS 2.927,79 613 Smart 500 QC
684 Vale Gas
820 Vale Transp Fun TOTALDESCONTOS

Folha Normal
Mês: set-18
REMUNERAÇÃOMES 104,49 237 Ferias Recebida
DIAS/HORASTRAB 14,67 290 VA Funcionario
37 DSR Adicional 25,00 36,82 491 Seguro Vida Fun
91 Hr Adic Pericul 14,67 31,35 511 INSS Normal
102 Hr Ext Diu 60% 5,83 86,43 564 IRF Recol Fer
104 Hr Ext Diu 80% 3,65 60,85 613 Smart 500 QC
221 Fer Normais 28,00 1.901,60 684 Vale Gas
222 Médias Férias 0,00 238,08 TOTALDESCONTOS
227 Fer 1/3 0,00 713,23
416 13º Sal. Adto 0,00 1.018,72
TOT.RENDIMENTOS 4.191,57

Adiantamento - PLR
Mês: out-18
311 Part Lucr Resul 12,00 3.878,54 313 IRF Part Result
TOT.RENDIMENTOS 3.878,54 TOTALDESCONTOS

Folha Normal
Mês: out-18
REMUNERAÇÃOMES 1.516,01 237 Ferias Recebida
DIAS/HORASTRAB 205,33 290 VA Funcionario
21 Dif. Sal Diss 0,00 3,80 314 PLR Pago
22 Dif.Diss.Ferias 0,00 95,17 404 Adt Norm Desc
37 DSR Adicional 20,00 43,72 491 Seguro Vida Fun
40 Reembolso VR 0,00 33,00 499 Vale Ref Func
41 Dif Diss HE/DSR 0,00 6,70 511 INSS Normal
70 Dif. Diss. Peri 0,00 1,14 561 IRF Normal
91 Hr Adic Pericul 205,33 454,80 613 Smart 500 QC
102 Hr Ext Diu 60% 5,97 91,64 684 Vale Gas
104 Hr Ext Diu 80% 7,35 126,98 820 Vale Transp Fun
221 Fer Normais 2,00 135,83 TOTALDESCONTOS
222 Médias Férias 0,00 17,01
227 Fer 1/3 0,00 50,94
311 Part Lucr Resul 0,00 3.878,54
TOT.RENDIMENTOS 6.455,28

Folha Normal
Mês: nov-18
REMUNERAÇÃOMES 1.624,30 290 VA Funcionario
DIAS/HORASTRAB 220,00 404 Adt Norm Desc
7 Reemb. Despesas 0,00 30,00 491 Seguro Vida Fun
37 DSR Adicional 25,00 86,87 499 Vale Ref Func
91 Hr Adic Pericul 220,00 487,29 511 INSS Normal
102 Hr Ext Diu 60% 11,13 170,99 561 IRF Normal
104 Hr Ext Diu 80% 10,22 176,50 613 Smart 500 QC
416 13º Sal. Adto 0,00 37,00 684 Vale Gas
420 13º Adic Adto 0,00 261,00 803 13º Adt Pago
TOT.RENDIMENTOS 2.873,95 820 Vale Transp Fun TOTALDESCONTOS

Folha Normal
Mês: dez-18
REMUNERAÇÃOMES 1.624,30 207 Hrs Atrasos
DIAS/HORASTRAB 220,00 290 VA Funcionario
37 DSR Adicional 25,00 94,39 404 Adt Norm Desc


Fls.: 271
0 814,97 BASEDECALCULODOIRF 2.228,86
0 2,58 BASEDECALCULODOFGTS 2.930,38
21 69,30 VALORDOFGTS 234,43
0 322,34 SALARIOLIQUIDONOMES 1.394,74
0 24,36 VALORDOIRFARECOLHER 24,36
0 155,66 VALORDOIRFARECOLHER 0,00
0 4,32
42 94,04
1.535,64


0 48,07 BASEDECALCULODOINSS 2.630,79
0 814,97 BASEDECALCULODOIRF 2.014,84
0 1,76 BASEDECALCULODOFGTS 2.630,79
0 104,13 VALORDOFGTS 210,46
23 75,90 SALARIOLIQUIDONOMES 1.392,17
0 236,77 VALORDOIRFARECOLHER 0,00
0 0,00 VALORDOIRFARECOLHER 0,00
0 155,66
0 4,32
86 94,04
1.535,62


0 3.525,03 BASEDECALCULODOINSS 3.172,85
0 48,07 BASEDECALCULODOFGTS 319,94
0 1,76 VALORDOFGTS 25,59
0 349,01 SALARIOLIQUIDONOMES 74,93
0 32,79 VALORDOIRFARECOLHER 32,79
0 155,66 VALORDOIRFARECOLHER 0,00
0 4,32
4.116,64


0 0,00 SALARIOLIQUIDONOMES 3.878,54
0,00


0 181,36 BASEDECALCULODOINSS 2.543,74
0 48,07 BASEDECALCULODOIRF 1.659,10
0 3.878,54 BASEDECALCULODOFGTS 2.244,79
0 762,39 VALORDOFGTS 179,58
0 1,82 SALARIOLIQUIDONOMES 1.037,07
20 66,00 VALORDOIRFARECOLHER 0,00
0 228,93 VALORDOIRFARECOLHER 0,00
0 0,00 VALORDOIRFARECOLHER 0,00
0 155,66
0 4,48
40 90,96
5.418,21


0 53,86 BASEDECALCULODOINSS 2.545,95
0 844,64 BASEDECALCULODOIRF 1.937,64
0 1,82 BASEDECALCULODOFGTS 2.545,95
20 72,30 VALORDOFGTS 203,67
0 229,13 SALARIOLIQUIDONOMES 1.116,60
0 0,00 VALORDOIRFARECOLHER 0,00
0 155,66 VALORDOIRFARECOLHER 0,00
0 4,48
0 298,00
40 97,46
1.757,35


0,167 1,60 BASEDECALCULODOINSS 2.581,94
0 100,00 BASEDECALCULODOIRF 1.970,39
0 844,64 BASEDECALCULODOFGTS 2.581,94


Documento assinado eletronicamente por em 21/03/2026, às 20:24:57 - 4fa38da 51 Hr Adic Noturno 0,10 0,34 419 13º. Adto Desc
91 Hr Adic Pericul 220,00 487,29 421 13º Adic Desc
102 Hr Ext Diu 60% 11,23 172,51 491 Seguro Vida Fun
104 Hr Ext Diu 80% 11,75 203,00 499 Vale Ref Func
122 Hr Ext Not 60% 0,10 1,54 511 INSS Normal
154 Hr Supl Ext Not 0,02 0,17 512 INSS 13o. Sal
373 13º Norm Recal 12,00 2.111,59 561 IRF Normal
376 13º Adic Recal 0,00 529,21 563 IRF 13o. Sal
TOT.RENDIMENTOS 5.224,34 613 Smart 500 QC
684 Vale Gas
804 13º. Pg Dezembr
820 Vale Transp Fun TOTALDESCONTOS

13 Salario
Mês: dez-18
371 13º Normal 9,00 1.528,07 419 13º. Adto Desc
374 13º Adicionais 0,00 134,77 512 INSS 13o. Sal
371 13º Normal 12,00 2.111,59 563 IRF 13o. Sal
374 13º Adicionais 0,00 480,44 419 13º. Adto Desc
371 13º Normal 12,00 2.180,85 421 13º Adic Desc
374 13º Adicionais 0,00 609,55 512 INSS 13o. Sal
371 13º Normal 12,00 2.879,83 563 IRF 13o. Sal
374 13º Adicionais 0,00 569,57 419 13º. Adto Desc
371 13º Normal 12,00 3.110,21 421 13º Adic Desc
374 13º Adicionais 0,00 445,73 512 INSS 13o. Sal
371 13º Normal 12,00 3.384,85 563 IRF 13o. Sal
374 13º Adicionais 0,00 267,19 419 13º. Adto Desc
371 13º Normal 12,00 3.554,10 421 13º Adic Desc
374 13º Adicionais 0,00 72,55 512 INSS 13o. Sal
371 13º Normal 12,00 3.714,04 563 IRF 13o. Sal
TOT.RENDIMENTOS 25.043,34 419 13º. Adto Desc
421 13º Adic Desc
512 INSS 13o. Sal
563 IRF 13o. Sal
419 13º. Adto Desc
Folha Normal 421 13º Adic Desc
Mês: jan-19 512 INSS 13o. Sal
REMUNERAÇÃOMES 1.624,30 290 VA Funcionario
DIAS/HORASTRAB 220,00 404 Adt Norm Desc
37 DSR Adicional 20,00 33,49 491 Seguro Vida Fun
51 Hr Adic Noturno 0,17 0,56 499 Vale Ref Func
91 Hr Adic Pericul 220,00 487,29 511 INSS Normal
102 Hr Ext Diu 60% 6,48 99,56 561 IRF Normal
104 Hr Ext Diu 80% 3,73 64,51 613 Smart 500 QC
122 Hr Ext Not 60% 0,17 2,56 684 Vale Gas
154 Hr Supl Ext Not 0,04 0,28 820 Vale Transp Fun
TOT.RENDIMENTOS 2.312,55 TOTALDESCONTOS

Adiantamento - PLR
Mês: fev-19
311 Part Lucr Resul 12,00 633,48 313 IRF Part Result
TOT.RENDIMENTOS 633,48 TOTALDESCONTOS

Folha Normal
Mês: fev-19
REMUNERAÇÃOMES 1.624,30 290 VA Funcionario
DIAS/HORASTRAB 220,00 314 PLR Pago
37 DSR Adicional 20,00 49,17 404 Adt Norm Desc
91 Hr Adic Pericul 220,00 487,29 491 Seguro Vida Fun
102 Hr Ext Diu 60% 7,83 120,31 499 Vale Ref Func
104 Hr Ext Diu 80% 7,27 125,55 511 INSS Normal
311 Part Lucr Resul 0,00 633,48 561 IRF Normal
TOT.RENDIMENTOS 3.040,10 613 Smart 500 QC
684 Vale Gas
820 Vale Transp Fun TOTALDESCONTOS

Folha Normal
Mês: mar-19
REMUNERAÇÃOMES 1.624,30 290 VA Funcionario
DIAS/HORASTRAB 220,00 404 Adt Norm Desc
37 DSR Adicional 20,00 58,18 491 Seguro Vida Fun
91 Hr Adic Pericul 220,00 487,29 499 Vale Ref Func
102 Hr Ext Diu 60% 7,47 114,66 511 INSS Normal
104 Hr Ext Diu 80% 7,02 121,23 561 IRF Normal
107 Hr Ext Diu 100% 2,87 55,04 613 Smart 500 QC
TOT.RENDIMENTOS 2.460,70 684 Vale Gas
820 Vale Transp Fun TOTALDESCONTOS


Fls.: 272
0 1.055,72 VALORDOFGTS 206,55
0 261,00 SALARIOLIQUIDONOMES 1.113,99
0 1,82 VALORDOIRFARECOLHER 0,00
22 75,90 VALORDOIRFARECOLHER 0,00
0 232,37 VALORDOIRFARECOLHER 0,00
0 237,67
0 0,00
0 0,00
0 155,66
0 4,48
0 1.042,03
40 97,46
4.110,35


0 764,00 SALARIOLIQUIDONOMES 749,19
0 149,65 SALARIOLIQUIDONOMES 1.042,03
0 0,00 SALARIOLIQUIDONOMES 1.079,39
0 1.055,72 SALARIOLIQUIDONOMES 1.300,54
0 261,00 SALARIOLIQUIDONOMES 1.307,55
0 233,28 SALARIOLIQUIDONOMES 1.339,49
0 0,00 SALARIOLIQUIDONOMES 1.373,43
0 1.090,43 SALARIOLIQUIDONOMES 1.393,01
0 336,03
0 251,13
0 33,42
0 1.439,91
0 284,21
0 341,85
0 82,89
0 1.555,11
0 246,39
0 349,11
0 97,78
0 1.692,42
0 160,23
0 347,46
0 50,00 BASEDECALCULODOINSS 2.312,55
0 844,64 BASEDECALCULODOIRF 1.725,25
0 1,82 BASEDECALCULODOFGTS 2.312,55
25 86,25 VALORDOFGTS 185,00
0 208,12 SALARIOLIQUIDONOMES 864,12
0 0,00 VALORDOIRFARECOLHER 0,00
0 155,66 VALORDOIRFARECOLHER 0,00
0 4,48
44 97,46
1.448,43


0 0,00 SALARIOLIQUIDONOMES 633,48
0,00


0 50,00 BASEDECALCULODOINSS 2.406,62
0 633,48 BASEDECALCULODOIRF 1.810,85
0 844,64 BASEDECALCULODOFGTS 2.406,62
0 1,82 VALORDOFGTS 192,52
19 65,55 SALARIOLIQUIDONOMES 970,42
0 216,59 VALORDOIRFARECOLHER 0,00
0 0,00 VALORDOIRFARECOLHER 0,00
0 155,66
0 4,48
38 97,46
2.069,68


0 50,00 BASEDECALCULODOINSS 2.460,70
0 844,64 BASEDECALCULODOIRF 1.860,06
0 1,82 BASEDECALCULODOFGTS 2.460,70
23 79,35 VALORDOFGTS 196,85
0 221,46 SALARIOLIQUIDONOMES 1.005,83
0 0,00 VALORDOIRFARECOLHER 0,00
0 155,66 VALORDOIRFARECOLHER 0,00
0 4,48 VALORDOIRFARECOLHER 0,00
42 97,46
1.454,87


Documento assinado eletronicamente por em 21/03/2026, às 20:24:57 - 4fa38da 
------------------------------------------------------------------------------------------------------
Fls.: 361
RENDIMENTOS #interna
Declaração Remuneração - Folha de Pagamento


Funcionário:
Mês/Ano: 08/2018 Folha de Pagamento: MÊS


Verba Nome Base / Saldo / Benefício Valor
010 VENCIMENTO PADRAO-VP 3.059,94
011 ADICIONAL POR MERITO 602,14
191 ABF-ADIC.BASICO DE FUNCAO 1.896,19
192 ATFC-AD.TEMP.FATORES/COMI 630,36
803 PREVI PESSOAL PB2 6.188,63 -433,20
807 PREVI PES.MENSAL PB2-2B 6.188,63 -61,88
821 CONTR. TEMPORARIA - CASSI 6.188,63 -61,88
822 CASSI PESSOAL 6.188,63 -185,65
830 INSS-CONTR.PESSOAL 5.645,80 -621,03
875 IMPOSTO DE RENDA-FONTE 4.882,93 -473,44


Remuneração Função Vl. Ref.: 5.017,04 Proventos Retidos: 0,00 Proventos Bruto: 6.188,63
Adiantamento 13o.: 3.094,31 Margem (30%): 1.113,97 Consignação: 1.837,08
Provisão FGTS: 495,09 Margem (70%): 2.494,96 Proventos Líquidos: 4.351,55


Mês/Ano: 08/2018 Folha de Pagamento: ACERTO


Verba Nome Base / Saldo / Benefício Valor
058 HORA EXTRA-BCO HORAS-CONV JULHO/18 -12,89
765 CASSI-PARTICIPACOES -67,72
766 CASSI CO-PARTICIPACAO -0,54
803 PREVI PESSOAL PB2 AC.SIST/0718 0,90
807 PREVI PES.MENSAL PB2-2B JULHO/18 0,12
821 CONTR. TEMPORARIA - CASSI JULHO/18 0,12
822 CASSI PESSOAL JULHO/18 0,38
875 IMPOSTO DE RENDA-FONTE 11,87 3,26


Proventos Retidos: 0,00 Proventos Bruto: -12,89
Adiantamento 13o.: 0,00 Margem (30%): 0,00 Consignação: 63,48
Provisão FGTS: -1,04 Margem (70%): 0,00 Proventos Líquidos: -76,37


Impresso por em : 10 de junho de 2026 - 09:22:23 Página: 1/ 98


Documento assinado eletronicamente por em 15/06/2026, às 16:53:43 - f93c100 Fls.: 362
RENDIMENTOS #interna
Declaração Remuneração - Folha de Pagamento


Funcionário:
Mês/Ano: 09/2018 Folha de Pagamento: MÊS


Verba Nome Base / Saldo / Benefício Valor
010 VENCIMENTO PADRAO-VP 3.212,93
011 ADICIONAL POR MERITO 632,24
191 ABF-ADIC.BASICO DE FUNCAO 1.990,99
192 ATFC-AD.TEMP.FATORES/COMI 661,87
803 PREVI PESSOAL PB2 6.498,03 -454,86
807 PREVI PES.MENSAL PB2-2B 6.498,03 -64,98
821 CONTR. TEMPORARIA - CASSI 6.498,03 -64,98
822 CASSI PESSOAL 6.498,03 -194,93
830 INSS-CONTR.PESSOAL 5.645,80 -621,03
875 IMPOSTO DE RENDA-FONTE 5.167,57 -551,72


Remuneração Função Vl. Ref.: 5.267,89 Proventos Retidos: 0,00 Proventos Bruto: 6.498,03
Adiantamento 13o.: 3.094,31 Margem (30%): 1.169,65 Consignação: 1.952,50
Provisão FGTS: 519,84 Margem (70%): 2.596,12 Proventos Líquidos: 4.545,53


Mês/Ano: 09/2018 Folha de Pagamento: ACERTO


Verba Nome Base / Saldo / Benefício Valor
058 HORA EXTRA-BCO HORAS-CONV AGOSTO/18 -16,24
565 CASSI-ASSISTENCIA FARMACE -2,44
745 CONTRIBUICAO NEGOCIAL -97,47
745 CONTRIBUICAO NEGOCIAL -76,12
765 CASSI-PARTICIPACOES -81,13
766 CASSI CO-PARTICIPACAO -57,91
803 PREVI PESSOAL PB2 AC.SIST/0818 1,14
807 PREVI PES.MENSAL PB2-2B AGOSTO/18 0,16
821 CONTR. TEMPORARIA - CASSI AGOSTO/18 0,16
822 CASSI PESSOAL AGOSTO/18 0,48
875 IMPOSTO DE RENDA-FONTE 14,94 4,11


Proventos Retidos: 0,00 Proventos Bruto: -16,24
Adiantamento 13o.: 0,00 Margem (30%): 0,00 Consignação: 309,02
Provisão FGTS: -1,30 Margem (70%): 0,00 Proventos Líquidos: -325,26


Impresso por em : 10 de junho de 2026 - 09:22:23 Página: 2/ 98


Documento assinado eletronicamente por em 15/06/2026, às 16:53:43 - f93c100 Fls.: 363
RENDIMENTOS #interna
Declaração Remuneração - Folha de Pagamento


Funcionário:
Mês/Ano: 10/2018 Folha de Pagamento: MÊS


Verba Nome Base / Saldo / Benefício Valor
010 VENCIMENTO PADRAO-VP 428,59
011 ADICIONAL POR MERITO 84,42
191 ABF-ADIC.BASICO DE FUNCAO 265,63
192 ATFC-AD.TEMP.FATORES/COMI 88,31
237 ADICIONAL DE FERIAS 1.877,01
279 PROVENTOS FERIAS 5.631,08
803 PREVI PESSOAL PB2 8.375,04 -586,25
807 PREVI PES.MENSAL PB2-2B 8.375,04 -167,49
821 CONTR. TEMPORARIA - CASSI 8.375,04 -83,74
822 CASSI PESSOAL 8.375,04 -251,25
830 INSS-CONTR.PESSOAL 5.645,80 -621,03


Remuneração Função Vl. Ref.: 5.267,89 Proventos Retidos: 0,00 Proventos Bruto: 8.375,04
Adiantamento 13o.: 3.094,31 Margem (30%): 860,67 Consignação: 1.709,76
Provisão FGTS: 670,00 Margem (70%): 2.838,86 Proventos Líquidos: 6.665,28


Mês/Ano: 10/2018 Folha de Pagamento: ACERTO


Verba Nome Base / Saldo / Benefício Valor
230 FERIAS-CONVERSAO ESPECIE 1.155,21
513 ANTECIPACAO ADIC. FERIAS -1.877,21
515 ANTEC. DE PROVENTOS - FER -5.631,63
517 ANTEC.CONVERS-FER/LP/AB/F -1.155,21
765 CASSI-PARTICIPACOES -49,82
766 CASSI CO-PARTICIPACAO -25,46
798 OUTROS DESCONTOS FERIAS 300,35
839 INSS FERIAS 621,04
899 PREVIDENCIA COMPL. FERIAS 600,70


Proventos Retidos: 0,00 Proventos Bruto: 1.155,21
Adiantamento 13o.: 0,00 Margem (30%): 0,00 Consignação: 7.217,24
Provisão FGTS: 0,00 Margem (70%): 0,00 Proventos Líquidos: -6.062,03


Impresso por em : 10 de junho de 2026 - 09:22:23 Página: 3/ 98


Documento assinado eletronicamente por em 15/06/2026, às 16:53:43 - f93c100 Fls.: 364
RENDIMENTOS #interna
Declaração Remuneração - Folha de Pagamento


Funcionário:
Mês/Ano: 11/2018 Folha de Pagamento: MÊS


Verba Nome Base / Saldo / Benefício Valor
010 VENCIMENTO PADRAO-VP 3.212,93
011 ADICIONAL POR MERITO 632,24
110 GRATIF. NATAL-ADIANT. -3.094,31
120 GRATIFICACAO DE NATAL 6.498,03
191 ABF-ADIC.BASICO DE FUNCAO 1.990,99
192 ATFC-AD.TEMP.FATORES/COMI 661,87
803 PREVI PESSOAL PB2 6.498,03 -454,86
807 PREVI PES.MENSAL PB2-2B 6.498,03 -64,98
813 PREVI PESSOAL ANUAL PB2 S/13 SAL -454,86
817 PREVI PES. ANUAL PB2-2B S/13 SAL -64,94
821 CONTR. TEMPORARIA - CASSI 6.498,03 -64,98
822 CASSI PESSOAL 6.498,03 -194,94
822 CASSI PESSOAL S/13 SAL -194,94
830 INSS-CONTR.PESSOAL 5.645,80 -621,03
830 INSS-CONTR.PESSOAL S/13 SAL -621,03
875 IMPOSTO DE RENDA-FONTE 5.167,57 -551,72
875 IMPOSTO DE RENDA-FONTE S/13 SAL -551,73


Remuneração Função Vl. Ref.: 5.267,89 Proventos Retidos: 0,00 Proventos Bruto: 9.901,75
Adiantamento 13o.: 0,00 Margem (30%): 1.169,64 Consignação: 3.840,01
Provisão FGTS: 792,14 Margem (70%): 2.596,11 Proventos Líquidos: 6.061,74


Mês/Ano: 11/2018 Folha de Pagamento: ACERTO


Verba Nome Base / Saldo / Benefício Valor
765 CASSI-PARTICIPACOES -75,58
766 CASSI CO-PARTICIPACAO -2,58


Proventos Retidos: 0,00 Proventos Bruto: 0,00
Adiantamento 13o.: 0,00 Margem (30%): 0,00 Consignação: 78,16
Provisão FGTS: 0,00 Margem (70%): 0,00 Proventos Líquidos: -78,16


Impresso por em : 10 de junho de 2026 - 09:22:23 Página: 4/ 98


Documento assinado eletronicamente por em 15/06/2026, às 16:53:43 - f93c100 Fls.: 365
RENDIMENTOS #interna
Declaração Remuneração - Folha de Pagamento


Funcionário:
Mês/Ano: 12/2018 Folha de Pagamento: MÊS


Verba Nome Base / Saldo / Benefício Valor
010 VENCIMENTO PADRAO-VP 3.212,93
011 ADICIONAL POR MERITO 632,24
191 ABF-ADIC.BASICO DE FUNCAO 1.990,99
192 ATFC-AD.TEMP.FATORES/COMI 661,87
803 PREVI PESSOAL PB2 6.498,03 -454,86
807 PREVI PES.MENSAL PB2-2B 6.498,03 -64,98
821 CONTR. TEMPORARIA - CASSI 6.498,03 -64,98
822 CASSI PESSOAL 6.498,03 -194,94
830 INSS-CONTR.PESSOAL 5.645,80 -621,03
875 IMPOSTO DE RENDA-FONTE 5.167,57 -551,72


Remuneração Função Vl. Ref.: 5.267,89 Proventos Retidos: 0,00 Proventos Bruto: 6.498,03
Adiantamento 13o.: 0,00 Margem (30%): 1.169,64 Consignação: 1.952,51
Provisão FGTS: 519,84 Margem (70%): 2.596,11 Proventos Líquidos: 4.545,52


Mês/Ano: 12/2018 Folha de Pagamento: ACERTO


Verba Nome Base / Saldo / Benefício Valor
765 CASSI-PARTICIPACOES -88,72
766 CASSI CO-PARTICIPACAO -3,06
875 IMPOSTO DE RENDA-FONTE SETEMBRO/18 -14,98
875 IMPOSTO DE RENDA-FONTE S/FERIAS 14,98


Proventos Retidos: 0,00 Proventos Bruto: 0,00
Adiantamento 13o.: 0,00 Margem (30%): 0,00 Consignação: 91,78
Provisão FGTS: 0,00 Margem (70%): 0,00 Proventos Líquidos: -91,78


Impresso por em : 10 de junho de 2026 - 09:22:23 Página: 5/ 98


Documento assinado eletronicamente por em 15/06/2026, às 16:53:43 - f93c100 
------------------------------------------------------------------------------------------------------
Fls.: 230


D E M O N S T R A T I V O D E P A G A M E N T O M E N S A L

Período : 10/2019 Data Pagto: 31.10.2019 06.12.2024 11:11:52 Pág: 1

No. Pessoal : Nome :
Admissão : 09.04.2019 Cargo : OPERADOR MAQUINAS III

Centro Custo : 1396280 Área RH : B118 Subárea RH : 0003
Salário Base : 1.678,61 Grupo : F Subgrupo : FX
Salário Hora : 7,63 CTPS no.: Série : 0122
Banco/Agência: C/C : Ar.de Folha: SA

Cod. Descrição Unidade Proventos Descontos
0105 Dias Trabalhados 30,00 1.678,61
2007 Horas Extras 100% 5,00 76,30
2027 Horas Extras 100% Noturna 2,92 47,40
2040 Ad. Noturno 20% 70,16 107,06
2100 DSR sobre Variaveis 26,77
2102 DSR sobre H.Extra 30,93
/314 Contr. INSS Remuneração 9,00 177,03
/B02 Adiantamento pago 671,44
4039 Conv. Odonto. (S. Franc.) 10,99
Total 1.967,07 859,46
Líqüido 1.107,61
Base I.N.S.S. : 1.967,07 F.G.T.S. do Mês : 157,37
Base I.R.R.F. : 1.790,04 Base I.R.R.F. 13o.:
Dep. I.R.R.F. : 0,00 Base FGTS: 1.967,07


Assinado eletronicamente por: - Juntado em: 09/12/2024 12:23:44 - 8036187Fls.: 232


D E M O N S T R A T I V O D E P A G A M E N T O M E N S A L

Período : 11/2019 Data Pagto: 29.11.2019 06.12.2024 11:12:35 Pág: 1

No. Pessoal : Nome :
Admissão : 09.04.2019 Cargo : OPERADOR MAQUINAS III

Centro Custo : 1396280 Área RH : B118 Subárea RH : 0003
Salário Base : 1.678,61 Grupo : F Subgrupo : FX
Salário Hora : 7,63 CTPS no.: Série : 0122
Banco/Agência: C/C : Ar.de Folha: SA

Cod. Descrição Unidade Proventos Descontos
0105 Dias Trabalhados 30,00 1.678,61
2007 Horas Extras 100% 5,00 76,30
2027 Horas Extras 100% Noturna 3,18 51,74
2040 Ad. Noturno 20% 72,89 111,23
2100 DSR sobre Variaveis 26,70
2102 DSR sobre H.Extra 30,73
/314 Contr. INSS Remuneração 9,00 177,77
/B02 Adiantamento pago 671,44
4039 Conv. Odonto. (S. Franc.) 10,99
Total 1.975,31 860,20
Líqüido 1.115,11
Base I.N.S.S. : 1.975,31 F.G.T.S. do Mês : 158,02
Base I.R.R.F. : 1.797,54 Base I.R.R.F. 13o.:
Dep. I.R.R.F. : 0,00 Base FGTS: 1.975,31


Assinado eletronicamente por: - Juntado em: 09/12/2024 12:23:44 - 8036187Fls.: 234


D E M O N S T R A T I V O D E P A G A M E N T O M E N S A L

Período : 12/2019 Data Pagto: 31.12.2019 06.12.2024 11:13:09 Pág: 1

No. Pessoal : Nome :
Admissão : 09.04.2019 Cargo : OPERADOR MAQUINAS III

Centro Custo : 1396280 Área RH : B118 Subárea RH : 0003
Salário Base : 1.678,61 Grupo : F Subgrupo : FX
Salário Hora : 7,63 CTPS no.: Série : 0122
Banco/Agência: C/C : Ar.de Folha: SA

Cod. Descrição Unidade Proventos Descontos
/337 Diferença de 13º salário 23,04
0105 Dias Trabalhados 30,00 1.678,61
2007 Horas Extras 100% 5,00 76,30
2027 Horas Extras 100% Noturna 2,33 37,84
2040 Ad. Noturno 20% 70,51 107,60
2100 DSR sobre Variaveis 26,90
2102 DSR sobre H.Extra 28,54
/303 Trib.INSS (13o) 8,00 1,84
/314 Contr. INSS Remuneração 9,00 176,02
/B02 Adiantamento pago 671,44
4039 Conv. Odonto. (S. Franc.) 10,99
Total 1.978,83 860,29
Líqüido 1.118,54
Base I.N.S.S. : 1.978,83 F.G.T.S. do Mês : 158,30
Base I.R.R.F. : 1.779,77 Base I.R.R.F. 13o.: 21,20
Dep. I.R.R.F. : 0,00 Base FGTS: 1.978,83


Assinado eletronicamente por: - Juntado em: 09/12/2024 12:23:44 - 8036187Fls.: 236


D E M O N S T R A T I V O D E P A G A M E N T O M E N S A L

Período : 01/2020 Data Pagto: 31.01.2020 06.12.2024 11:14:08 Pág: 1

No. Pessoal : Nome :
Admissão : 09.04.2019 Cargo : OPERADOR MAQUINAS III

Centro Custo : 1396280 Área RH : B118 Subárea RH : 0003
Salário Base : 1.678,61 Grupo : F Subgrupo : FX
Salário Hora : 7,63 CTPS no.: Série : 0122
Banco/Agência: C/C : Ar.de Folha: SA

Cod. Descrição Unidade Proventos Descontos
0105 Dias Trabalhados 30,00 1.678,61
2007 Horas Extras 100% 5,00 76,30
2027 Horas Extras 100% Noturna 2,93 46,90
2040 Ad. Noturno 20% 53,93 82,30
2100 DSR sobre Variaveis 19,75
2102 DSR sobre H.Extra 29,57
/314 Contr. INSS Remuneração 9,00 174,00
/B02 Adiantamento pago 671,44
4039 Conv. Odonto. (S. Franc.) 10,99
Total 1.933,43 856,43
Líqüido 1.077,00
Base I.N.S.S. : 1.933,43 F.G.T.S. do Mês : 154,67
Base I.R.R.F. : 1.759,43 Base I.R.R.F. 13o.:
Dep. I.R.R.F. : 0,00 Base FGTS: 1.933,43


Assinado eletronicamente por: - Juntado em: 09/12/2024 12:23:44 - 131f04eFls.: 238


D E M O N S T R A T I V O D E P A G A M E N T O M E N S A L

Período : 02/2020 Data Pagto: 28.02.2020 06.12.2024 11:17:38 Pág: 1

No. Pessoal : Nome :
Admissão : 09.04.2019 Cargo : OPERADOR MAQUINAS III

Centro Custo : 1396280 Área RH : B118 Subárea RH : 0003
Salário Base : 1.678,61 Grupo : F Subgrupo : FX
Salário Hora : 7,63 CTPS no.: Série : 0122
Banco/Agência: C/C : Ar.de Folha: SA

Cod. Descrição Unidade Proventos Descontos
0105 Dias Trabalhados 30,00 1.678,61
2040 Ad. Noturno 20% 72,32 110,36
2100 DSR sobre Variaveis 21,22
/314 Contr. INSS Remuneração 8,00 144,81
/B02 Adiantamento pago 671,44
4039 Conv. Odonto. (S. Franc.) 10,99
Total 1.810,19 827,24
Líqüido 982,95
Base I.N.S.S. : 1.810,19 F.G.T.S. do Mês : 144,82
Base I.R.R.F. : 1.665,38 Base I.R.R.F. 13o.:
Dep. I.R.R.F. : 0,00 Base FGTS: 1.810,19


Assinado eletronicamente por: - Juntado em: 09/12/2024 12:23:44 - 131f04e
------------------------------------------------------------------------------------------------------
Fls.: 316


Assinado eletronicamente por: - Juntado em: 20/10/2022 10:07:11 - 6ec939d
 Fls.: 317


Assinado eletronicamente por: - Juntado em: 20/10/2022 10:07:11 - 6ec939d
 Fls.: 318


Assinado eletronicamente por: - Juntado em: 20/10/2022 10:07:11 - 6ec939d
 Fls.: 319


Assinado eletronicamente por: - Juntado em: 20/10/2022 10:07:11 - 6ec939d
 Fls.: 320


Assinado eletronicamente por: - Juntado em: 20/10/2022 10:07:11 - 6ec939d
 

 [32m✓[39m src/tests/payroll.test.ts [2m([22m[2m1 test[22m[2m)[22m[33m 452[2mms[22m[39m
     [33m[2m✓[22m[39m Check payroll content [33m 451[2mms[22m[39m

[2m Test Files [22m [1m[32m1 passed[39m[22m[90m (1)[39m
[2m      Tests [22m [1m[32m1 passed[39m[22m[90m (1)[39m
[2m   Start at [22m 13:57:53
[2m   Duration [22m 789ms[2m (transform 39ms, setup 0ms, import 192ms, tests 452ms, environment 0ms)[22m

